回车 001 
角标 002 
角标 003 
图片 004 
分页符 005 
下划线 006 
